Clarity 4 can not be used with latest
