
> conxian-protocol@0.6.1 test
> vitest run


[1m[46m RUN [49m[22m [36mv4.0.18 [39m[90mC:/Users/bmokoka/Conxian-Labs/conxian-business/Conxian[39m

[90mstdout[2m | tests/hiro-api.test.ts
[22m[39mUpdated deployment plan file

[90mstdout[2m | tests/hiro-api.test.ts[2m > [22m[2mHiro API Connection[2m > [22m[2mshould connect to Hiro API and get status
[22m[39mConnecting to https://api.testnet.hiro.so with API Key ending in ...cb88

[90mstdout[2m | tests/hiro-api.test.ts[2m > [22m[2mHiro API Connection[2m > [22m[2mshould connect to Hiro API and get status
[22m[39mConnected to testnet via Hiro API. Server version: stacks-node 3.3.0.0.5 (ecaaf5c+, release build, linux [x86_64])
Chain tip: 3882805

 [32mÔ£ô[39m tests/hiro-api.test.ts [2m([22m[2m2 tests[22m[2m)[22m[33m 13332[2mms[22m[39m
     [33m[2mÔ£ô[22m[39m should connect to Hiro API and get status [33m 764[2mms[22m[39m
[90mstdout[2m | tests/tokens-utility.test.ts
[22m[39mUpdated deployment plan file

stderr | tests/tokens-utility.test.ts > Token and Utility Tests > Token Function Tests > should test cxd-token placeholder function
Error: Runtime error while interpreting ST31K5JRNRFFY7TFESMJFPBMY17AKPA55D7X8919N.cxd-token

 [31mÔØ»[39m tests/tokens-utility.test.ts [2m([22m[2m25 tests[22m[2m | [22m[31m24 failed[39m[2m)[22m[33m 10616[2mms[22m[39m
       [32mÔ£ô[39m should have cxd-token deployed[32m 6[2mms[22m[39m
[31m       [31m├ù[31m should have cxvg-token deployed[39m[32m 24[2mms[22m[39m
[31m       [31m├ù[31m should have cxtr-token deployed[39m[32m 2[2mms[22m[39m
[31m       [31m├ù[31m should have cxlp-token deployed[39m[32m 1[2mms[22m[39m
[31m       [31m├ù[31m should have cxlp-position-nft deployed[39m[32m 1[2mms[22m[39m
[31m       [31m├ù[31m should have governance-token deployed[39m[32m 2[2mms[22m[39m
[31m       [31m├ù[31m should have token-system-coordinator deployed[39m[32m 1[2mms[22m[39m
[31m       [31m├ù[31m should have utils deployed[39m[32m 1[2mms[22m[39m
[31m       [31m├ù[31m should have validation deployed[39m[32m 3[2mms[22m[39m
[31m       [31m├ù[31m should have optimization-helpers deployed[39m[32m 2[2mms[22m[39m
[31m       [31m├ù[31m should have precision-calculator deployed[39m[32m 3[2mms[22m[39m
[31m       [31m├ù[31m should have math-lib-concentrated deployed[39m[32m 1[2mms[22m[39m
[31m       [31m├ù[31m should have protocol-errors deployed[39m[32m 1[2mms[22m[39m
[31m       [31m├ù[31m should have standard-errors deployed[39m[32m 2[2mms[22m[39m
[31m       [31m├ù[31m should have trait-errors deployed[39m[32m 1[2mms[22m[39m
[31m       [31m├ù[31m should have lib deployed[39m[32m 1[2mms[22m[39m
[31m       [31m├ù[31m should have test-access deployed[39m[32m 1[2mms[22m[39m
[31m       [31m├ù[31m should have position-factory deployed[39m[32m 2[2mms[22m[39m
[31m       [31m├ù[31m should have budget-manager deployed[39m[32m 1[2mms[22m[39m
[31m       [31m├ù[31m should have regulatory-adapter deployed[39m[32m 1[2mms[22m[39m
[31m       [31m├ù[31m should have btc-adapter deployed[39m[32m 2[2mms[22m[39m
[31m       [31m├ù[31m should have decentralized-trait-registry deployed[39m[32m 1[2mms[22m[39m
[31m       [31m├ù[31m should test cxd-token placeholder function[39m[32m 12[2mms[22m[39m
[31m       [31m├ù[31m should test utils contract deployment[39m[32m 1[2mms[22m[39m
[31m       [31m├ù[31m should have trait-errors with standardized error codes[39m[32m 1[2mms[22m[39m
[90mstdout[2m | tests/enterprise/p0-compliance-hooks.test.ts
[22m[39mUpdated deployment plan file

 [31mÔØ»[39m tests/enterprise/p0-compliance-hooks.test.ts [2m([22m[2m4 tests[22m[2m | [22m[31m4 failed[39m[2m)[22m[33m 10864[2mms[22m[39m
[31m     [31m├ù[31m allows a KYC-verified user[39m[32m 16[2mms[22m[39m
[31m     [31m├ù[31m blocks a non-KYC-verified user[39m[32m 4[2mms[22m[39m
[31m     [31m├ù[31m allows a non-sanctioned user[39m[32m 7[2mms[22m[39m
[31m     [31m├ù[31m blocks a sanctioned user[39m[32m 21[2mms[22m[39m
[90mstdout[2m | tests/governance/proposal-engine.test.ts
[22m[39mUpdated deployment plan file

stderr | tests/governance/proposal-engine.test.ts > Proposal Engine Security Audit > should not panic if conxian-protocol returns an error
Error: Runtime error while interpreting ST24ZQ2464JQ9FFPZMY1N2DRYGJWP2N6WFBMYF8S5.proposal-engine

stderr | tests/governance/proposal-engine.test.ts > Proposal Engine Security Audit > should emit a set-voting-period event
Error: Runtime error while interpreting ST24ZQ2464JQ9FFPZMY1N2DRYGJWP2N6WFBMYF8S5.proposal-engine

stderr | tests/governance/proposal-engine.test.ts > Proposal Engine Security Audit > should emit a set-quorum-percentage event
Error: Runtime error while interpreting ST24ZQ2464JQ9FFPZMY1N2DRYGJWP2N6WFBMYF8S5.proposal-engine

stderr | tests/governance/proposal-engine.test.ts > Proposal Engine Security Audit > should emit a set-proposal-executor event
Error: Runtime error while interpreting ST24ZQ2464JQ9FFPZMY1N2DRYGJWP2N6WFBMYF8S5.proposal-engine

stderr | tests/governance/proposal-engine.test.ts > Proposal Engine Security Audit > should emit a transfer-ownership event
Error: Runtime error while interpreting ST24ZQ2464JQ9FFPZMY1N2DRYGJWP2N6WFBMYF8S5.proposal-engine

stderr | tests/governance/proposal-engine.test.ts > Proposal Engine Security Audit > should emit a set-protocol-coordinator event
Error: Runtime error while interpreting ST24ZQ2464JQ9FFPZMY1N2DRYGJWP2N6WFBMYF8S5.proposal-engine

 [31mÔØ»[39m tests/governance/proposal-engine.test.ts [2m([22m[2m6 tests[22m[2m | [22m[31m6 failed[39m[2m)[22m[33m 10881[2mms[22m[39m
[31m     [31m├ù[31m should not panic if conxian-protocol returns an error[39m[32m 45[2mms[22m[39m
[31m     [31m├ù[31m should emit a set-voting-period event[39m[32m 3[2mms[22m[39m
[31m     [31m├ù[31m should emit a set-quorum-percentage event[39m[32m 2[2mms[22m[39m
[31m     [31m├ù[31m should emit a set-proposal-executor event[39m[32m 8[2mms[22m[39m
[31m     [31m├ù[31m should emit a transfer-ownership event[39m[32m 6[2mms[22m[39m
[31m     [31m├ù[31m should emit a set-protocol-coordinator event[39m[32m 3[2mms[22m[39m
[90mstdout[2m | tests/aye-engine.test.ts
[22m[39mUpdated deployment plan file

stderr | tests/aye-engine.test.ts > Intelligence-Led Adaptive Yield Engine (AYE) - CXIP-013
Error: Runtime error while interpreting STB9PVN26CA9ARE1KF9BS34GKS82Q3ZCTZA05XVS.agent-risk

 [31mÔØ»[39m tests/aye-engine.test.ts [2m([22m[2m5 tests[22m[2m | [22m[33m5 skipped[39m[2m)[22m[33m 10367[2mms[22m[39m
     [2m[90mÔåô[39m[22m Initial state should be CXIP-013 Equilibrium
     [2m[90mÔåô[39m[22m Agent-Risk should provide performance metrics
     [2m[90mÔåô[39m[22m Performance adjustment should be active if bounty rate > 95%
     [2m[90mÔåô[39m[22m Agent-Treasury should rebalance with performance adjustment in stability
     [2m[90mÔåô[39m[22m Agent-Risk Crisis should trigger 100% insurance
[90mstdout[2m | tests/dex-defi.test.ts
[22m[39mUpdated deployment plan file

 [31mÔØ»[39m tests/dex-defi.test.ts [2m([22m[2m27 tests[22m[2m | [22m[31m23 failed[39m[2m)[22m[33m 12386[2mms[22m[39m
       [32mÔ£ô[39m should have concentrated-liquidity-pool deployed[32m 12[2mms[22m[39m
       [32mÔ£ô[39m should have swap-router deployed[32m 1[2mms[22m[39m
[31m       [31m├ù[31m should have route-manager deployed[39m[32m 23[2mms[22m[39m
[31m       [31m├ù[31m should have pool-factory deployed[39m[32m 4[2mms[22m[39m
[31m       [31m├ù[31m should have pool-registry deployed[39m[32m 2[2mms[22m[39m
[31m       [31m├ù[31m should have liquidity-manager deployed[39m[32m 1[2mms[22m[39m
[31m       [31m├ù[31m should have liquidity-optimization-engine deployed[39m[32m 3[2mms[22m[39m
[31m       [31m├ù[31m should have stable-swap-pool deployed[39m[32m 2[2mms[22m[39m
[31m       [31m├ù[31m should have weighted-swap-pool deployed[39m[32m 4[2mms[22m[39m
[31m       [31m├ù[31m should have tiered-pools deployed[39m[32m 2[2mms[22m[39m
[31m       [31m├ù[31m should have batch-auction deployed[39m[32m 2[2mms[22m[39m
       [32mÔ£ô[39m should have mev-protector deployed[32m 1[2mms[22m[39m
[31m       [31m├ù[31m should have position-factory-root deployed[39m[32m 2[2mms[22m[39m
[31m       [31m├ù[31m should have price-impact-calculator deployed[39m[32m 2[2mms[22m[39m
[31m       [31m├ù[31m should have rebalancing-rules deployed[39m[32m 3[2mms[22m[39m
[31m       [31m├ù[31m should have transaction-batch-processor deployed[39m[32m 2[2mms[22m[39m
[31m       [31m├ù[31m should have on-chain-router-helper deployed[39m[32m 1[2mms[22m[39m
[31m       [31m├ù[31m should have real-time-monitoring-dashboard deployed[39m[32m 1[2mms[22m[39m
[31m       [31m├ù[31m should have predictive-scaling-system deployed[39m[32m 4[2mms[22m[39m
[31m       [31m├ù[31m should have vault deployed[39m[32m 1[2mms[22m[39m
[31m       [31m├ù[31m should have pool-template deployed[39m[32m 1[2mms[22m[39m
[31m       [31m├ù[31m should have pool-implementation-registry deployed[39m[32m 3[2mms[22m[39m
[31m       [31m├ù[31m should have pool-type-registry deployed[39m[32m 1[2mms[22m[39m
[31m       [31m├ù[31m should have order-book deployed[39m[32m 1[2mms[22m[39m
[31m       [31m├ù[31m should have timelock-controller deployed[39m[32m 2[2mms[22m[39m
       [32mÔ£ô[39m should have swap-router deployed[32m 1[2mms[22m[39m
[31m       [31m├ù[31m should have token-emission-controller deployed[39m[32m 2[2mms[22m[39m
[90mstdout[2m | tests/p0-circuit-breaker.test.ts
[22m[39mUpdated deployment plan file

 [31mÔØ»[39m tests/p0-circuit-breaker.test.ts [2m([22m[2m2 tests[22m[2m | [22m[31m2 failed[39m[2m)[22m[33m 10439[2mms[22m[39m
[31m     [31m├ù[31m ensures only the admin can set the circuit breaker[39m[32m 18[2mms[22m[39m
[31m     [31m├ù[31m correctly checks the status of the dynamic circuit breaker[39m[32m 2[2mms[22m[39m
[90mstdout[2m | tests/refactor-verification.test.ts
[22m[39mUpdated deployment plan file

stderr | tests/refactor-verification.test.ts > Refactor Verification Suite > Lending Module - should supply and withdraw through the facade
Error: Runtime error while interpreting STJGD3TRYAQHJ5XD0DA4DR1NRJF7EH0WKGMSKZD0.comprehensive-lending-system

stderr | tests/refactor-verification.test.ts > Refactor Verification Suite > Governance Module - should create and execute a proposal through the facade
Error: Runtime error while interpreting STJGD3TRYAQHJ5XD0DA4DR1NRJF7EH0WKGMSKZD0.proposal-engine

 [31mÔØ»[39m tests/refactor-verification.test.ts [2m([22m[2m2 tests[22m[2m | [22m[31m2 failed[39m[2m)[22m[33m 10665[2mms[22m[39m
[31m     [31m├ù[31m Lending Module - should supply and withdraw through the facade[39m[32m 223[2mms[22m[39m
[31m     [31m├ù[31m Governance Module - should create and execute a proposal through the facade[39m[32m 197[2mms[22m[39m
[90mstdout[2m | tests/governance/enhanced-governance-nft.test.ts
[22m[39mUpdated deployment plan file

stderr | tests/governance/enhanced-governance-nft.test.ts > Enhanced Governance NFT (Seats) > allows admin to mint a seat
Error: Runtime error while interpreting ST16DA0CDV1CQJBWS2MEGJHEZR4MVJNT662MNE74W.enhanced-governance-nft

 [31mÔØ»[39m tests/governance/enhanced-governance-nft.test.ts [2m([22m[2m1 test[22m[2m | [22m[31m1 failed[39m[2m)[22m[33m 11617[2mms[22m[39m
[31m     [31m├ù[31m allows admin to mint a seat[39m[33m 323[2mms[22m[39m
